
Laet.scaffold_0001
61974 nucleotides in sequence
Mean G+C content = 62.5%

--

Laet.scaffold_0002
9833 nucleotides in sequence
Mean G+C content = 61.2%

--

Laet.scaffold_0003
6198 nucleotides in sequence
Mean G+C content = 61.1%

--

Laet.scaffold_0004
5323 nucleotides in sequence
Mean G+C content = 60.5%

--

Laet.scaffold_0005
4903 nucleotides in sequence
Mean G+C content = 61.2%

--

Laet.scaffold_0006
4876 nucleotides in sequence
Mean G+C content = 60.9%

--

Laet.scaffold_0007
4510 nucleotides in sequence
Mean G+C content = 21.1%

--

Laet.scaffold_0008
3682 nucleotides in sequence
Mean G+C content = 65.6%

--

Laet.scaffold_0009
3284 nucleotides in sequence
Mean G+C content = 25.9%

--

Laet.scaffold_0010
3277 nucleotides in sequence
Mean G+C content = 58.7%

--

Laet.scaffold_0011
3715 nucleotides in sequence
Mean G+C content = 53.5%

--

Laet.scaffold_0012
3128 nucleotides in sequence
Mean G+C content = 64.5%

--

Laet.scaffold_0013
2943 nucleotides in sequence
Mean G+C content = 61.2%

--

Laet.scaffold_0014
2903 nucleotides in sequence
Mean G+C content = 24.2%

--

Laet.scaffold_0015
2748 nucleotides in sequence
Mean G+C content = 55.1%

--

Laet.scaffold_0016
2667 nucleotides in sequence
Mean G+C content = 58.5%

--

Laet.scaffold_0017
2631 nucleotides in sequence
Mean G+C content = 65.5%

--

Laet.scaffold_0018
2454 nucleotides in sequence
Mean G+C content = 65.1%

--

Laet.scaffold_0019
2192 nucleotides in sequence
Mean G+C content = 59.6%

--

Laet.scaffold_0020
2004 nucleotides in sequence
Mean G+C content = 64.4%

--

Laet.scaffold_0021
1916 nucleotides in sequence
Mean G+C content = 62.4%

--

Laet.scaffold_0022
1801 nucleotides in sequence
Mean G+C content = 57.4%

--

Laet.scaffold_0023
1664 nucleotides in sequence
Mean G+C content = 58.5%

--

Laet.scaffold_0024
1613 nucleotides in sequence
Mean G+C content = 61.8%

--

Laet.scaffold_0025
1399 nucleotides in sequence
Mean G+C content = 48.2%

--

Laet.scaffold_0026
1311 nucleotides in sequence
Mean G+C content = 27.6%

--

Laet.scaffold_0027
1280 nucleotides in sequence
Mean G+C content = 62.5%

--

Laet.scaffold_0028
1271 nucleotides in sequence
Mean G+C content = 62.8%

--

Laet.scaffold_0029
1254 nucleotides in sequence
Mean G+C content = 62.9%

--

Laet.scaffold_0030
1091 nucleotides in sequence
Mean G+C content = 30.3%

--

Laet.scaffold_0031
1054 nucleotides in sequence
Mean G+C content = 50.7%

--

Laet.scaffold_0032
1008 nucleotides in sequence
Mean G+C content = 48.6%

--

Laet.scaffold_0033
985 nucleotides in sequence
Mean G+C content = 52.2%

--

Laet.scaffold_0034
13862 nucleotides in sequence
Mean G+C content = 64.4%

--

Laet.scaffold_0035
8681 nucleotides in sequence
Mean G+C content = 52.9%

--

Laet.scaffold_0036
6535 nucleotides in sequence
Mean G+C content = 60.0%

--

Laet.scaffold_0037
6087 nucleotides in sequence
Mean G+C content = 53.4%

--

Laet.scaffold_0038
6156 nucleotides in sequence
Mean G+C content = 55.6%

--

Laet.scaffold_0039
6017 nucleotides in sequence
Mean G+C content = 53.2%

--

Laet.scaffold_0040
5473 nucleotides in sequence
Mean G+C content = 63.0%

--

Laet.scaffold_0041
5222 nucleotides in sequence
Mean G+C content = 60.1%

--

Laet.scaffold_0042
5144 nucleotides in sequence
Mean G+C content = 60.0%

--

Laet.scaffold_0043
5066 nucleotides in sequence
Mean G+C content = 60.6%

--

Laet.scaffold_0044
5039 nucleotides in sequence
Mean G+C content = 60.6%

--

Laet.scaffold_0045
4981 nucleotides in sequence
Mean G+C content = 61.9%

--

Laet.scaffold_0046
4855 nucleotides in sequence
Mean G+C content = 62.9%

--

Laet.scaffold_0047
4841 nucleotides in sequence
Mean G+C content = 58.0%

--

Laet.scaffold_0048
4566 nucleotides in sequence
Mean G+C content = 60.7%

--

Laet.scaffold_0049
4484 nucleotides in sequence
Mean G+C content = 58.0%

--

Laet.scaffold_0050
4357 nucleotides in sequence
Mean G+C content = 64.3%

--

Laet.scaffold_0051
4210 nucleotides in sequence
Mean G+C content = 58.6%

--

Laet.scaffold_0052
3869 nucleotides in sequence
Mean G+C content = 61.8%

--

Laet.scaffold_0053
3612 nucleotides in sequence
Mean G+C content = 60.0%

--

Laet.scaffold_0054
3575 nucleotides in sequence
Mean G+C content = 62.1%

--

Laet.scaffold_0055
3567 nucleotides in sequence
Mean G+C content = 57.2%

--

Laet.scaffold_0056
3267 nucleotides in sequence
Mean G+C content = 53.0%

--

Laet.scaffold_0057
3120 nucleotides in sequence
Mean G+C content = 61.2%

--

Laet.scaffold_0058
2923 nucleotides in sequence
Mean G+C content = 62.7%

--

Laet.scaffold_0059
2596 nucleotides in sequence
Mean G+C content = 61.7%

--

Laet.scaffold_0060
2567 nucleotides in sequence
Mean G+C content = 62.8%

--

Laet.scaffold_0061
2495 nucleotides in sequence
Mean G+C content = 58.9%

--

Laet.scaffold_0062
2464 nucleotides in sequence
Mean G+C content = 62.6%

--

Laet.scaffold_0063
2128 nucleotides in sequence
Mean G+C content = 59.9%

--

Laet.scaffold_0064
2046 nucleotides in sequence
Mean G+C content = 63.1%

--

Laet.scaffold_0065
1980 nucleotides in sequence
Mean G+C content = 61.0%

--

Laet.scaffold_0066
1766 nucleotides in sequence
Mean G+C content = 64.7%

--

Laet.scaffold_0067
1709 nucleotides in sequence
Mean G+C content = 63.9%

--

Laet.scaffold_0068
1491 nucleotides in sequence
Mean G+C content = 62.4%

--

Laet.scaffold_0069
1485 nucleotides in sequence
Mean G+C content = 57.6%

--

Laet.scaffold_0070
1473 nucleotides in sequence
Mean G+C content = 69.9%

--

Laet.scaffold_0071
1427 nucleotides in sequence
Mean G+C content = 63.3%

--

Laet.scaffold_0072
1351 nucleotides in sequence
Mean G+C content = 65.5%

--

Laet.scaffold_0073
1334 nucleotides in sequence
Mean G+C content = 62.8%

--

Laet.scaffold_0074
1335 nucleotides in sequence
Mean G+C content = 63.4%

--

Laet.scaffold_0075
1217 nucleotides in sequence
Mean G+C content = 63.6%

--

Laet.scaffold_0076
1249 nucleotides in sequence
Mean G+C content = 54.7%

--

Laet.scaffold_0077
1202 nucleotides in sequence
Mean G+C content = 61.8%

--

Laet.scaffold_0078
1188 nucleotides in sequence
Mean G+C content = 60.9%

--

Laet.scaffold_0079
1160 nucleotides in sequence
Mean G+C content = 65.9%

--

Laet.scaffold_0080
1152 nucleotides in sequence
Mean G+C content = 56.0%

--

Laet.scaffold_0081
1097 nucleotides in sequence
Mean G+C content = 45.3%

--

Laet.scaffold_0082
1014 nucleotides in sequence
Mean G+C content = 59.8%

--

Laet.01
289239 nucleotides in sequence
Mean G+C content = 59.8%

--

Laet.02
338962 nucleotides in sequence
Mean G+C content = 57.8%

--
    tRNA-Val(gac)         c
    92 bases, %GC = 69.6
    Sequence [235952,236043]


--

Laet.03
384195 nucleotides in sequence
Mean G+C content = 61.9%

--
    tRNA-Lys(ctt)
    74 bases, %GC = 62.2
    Sequence [255416,255489]


--

Laet.04
461114 nucleotides in sequence
Mean G+C content = 61.3%

--

Laet.05
493947 nucleotides in sequence
Mean G+C content = 56.1%

--
    tRNA-Arg(acg)
    72 bases, %GC = 54.2
    Sequence [404441,404512]


--

Laet.06
557087 nucleotides in sequence
Mean G+C content = 58.2%

--
    tRNA-seC(tca)
    85 bases, %GC = 62.4
    Sequence c[72682,72766]


--
    tRNA-Asp(gtc)
    91 bases, %GC = 68.1
    Sequence c[113562,113652]


--
    tRNA-Pro(ggg)
    91 bases, %GC = 74.7
    Sequence [142689,142779]


--

Laet.07
710664 nucleotides in sequence
Mean G+C content = 58.3%

--
    tRNA-Arg(acg)
    72 bases, %GC = 54.2
    Sequence c[483171,483242]


--

Laet.08
479425 nucleotides in sequence
Mean G+C content = 57.5%

--

Laet.09
571089 nucleotides in sequence
Mean G+C content = 60.1%

--
    tRNA-Met(cat)
    72 bases, %GC = 55.6
    Sequence [268334,268405]


--
    tRNA-Leu(cag)
    84 bases, %GC = 57.1
    Sequence [268466,268549]


--
    tRNA-Val(cac)
    74 bases, %GC = 60.8
    Sequence [400373,400446]


--
    tRNA-His(gtg)
    72 bases, %GC = 54.2
    Sequence [400700,400771]


--
    tRNA-Phe(gaa)
    73 bases, %GC = 61.6
    Sequence c[400952,401024]


--
    tRNA-Glu(ttc)
    72 bases, %GC = 52.8
    Sequence c[412978,413049]


--
    tRNA-Val(cac)
    74 bases, %GC = 60.8
    Sequence c[413288,413361]


--
    tRNA-Arg(ccg)
    73 bases, %GC = 61.6
    Sequence [413436,413508]


--
    tRNA-His(gtg)
    72 bases, %GC = 54.2
    Sequence [413574,413645]


--

Laet.10
556944 nucleotides in sequence
Mean G+C content = 57.1%

--
    tRNA-Lys(ctt)
    74 bases, %GC = 62.2
    Sequence [531411,531484]


--
    tRNA-Gly(gcc)
    71 bases, %GC = 64.8
    Sequence c[531524,531594]


--
    tRNA-Asn(gtt)
    74 bases, %GC = 60.8
    Sequence c[531648,531721]


--

Laet.11
595140 nucleotides in sequence
Mean G+C content = 55.6%

--
    tRNA-Leu(aag)
    83 bases, %GC = 51.8
    Sequence c[166569,166651]


--
    tRNA-Ala(cgc)
    73 bases, %GC = 58.9
    Sequence [166725,166797]


--
    tRNA-Gly(ccc)
    71 bases, %GC = 64.8
    Sequence c[172256,172326]


--
    tRNA-Ala(cgc)
    73 bases, %GC = 58.9
    Sequence c[172387,172459]


--
    tRNA-Met(cat)
    73 bases, %GC = 63.0
    Sequence c[389725,389797]


--
    tRNA-Arg(acg)
    75 bases, %GC = 54.7
    Sequence [389872,389946]


--

Laet.12
513072 nucleotides in sequence
Mean G+C content = 59.9%

--

Laet.13
644504 nucleotides in sequence
Mean G+C content = 59.6%

--

Laet.14
691239 nucleotides in sequence
Mean G+C content = 53.7%

--

Laet.15
643407 nucleotides in sequence
Mean G+C content = 55.5%

--
    tRNA-Asp(gtc)
    73 bases, %GC = 58.9
    Sequence [329667,329739]


--
    tRNA-Glu(ctc)
    74 bases, %GC = 56.8
    Sequence c[329778,329851]


--

Laet.16
685008 nucleotides in sequence
Mean G+C content = 58.5%

--
    tRNA-Gln(ctg)
    75 bases, %GC = 53.3
    Sequence c[435102,435176]


--

Laet.17
628005 nucleotides in sequence
Mean G+C content = 60.2%

--
    tRNA-Asp(gtc)
    73 bases, %GC = 58.9
    Sequence c[287429,287501]


--
    tRNA-Ser(gct)
    82 bases, %GC = 58.5
    Sequence [287578,287659]


--
    tRNA-Ala(agc)
    76 bases, %GC = 52.6
    Sequence [287718,287793]


--

Laet.18
721380 nucleotides in sequence
Mean G+C content = 57.7%

--

Laet.19
671762 nucleotides in sequence
Mean G+C content = 58.9%

--

Laet.20
753554 nucleotides in sequence
Mean G+C content = 57.0%

--

Laet.21
774107 nucleotides in sequence
Mean G+C content = 58.5%

--
    tRNA-Ser(gct)
    81 bases, %GC = 59.3
    Sequence c[158901,158981]


--
    tRNA-Pro(agg)
    72 bases, %GC = 61.1
    Sequence [445117,445188]


--
    tRNA-Val(aac)
    75 bases, %GC = 58.7
    Sequence [445318,445392]


--
    tRNA-Lys(ctt)
    74 bases, %GC = 62.2
    Sequence [445455,445528]


--

Laet.22
693462 nucleotides in sequence
Mean G+C content = 57.0%

--

Laet.23
781383 nucleotides in sequence
Mean G+C content = 57.5%

--
    tRNA-Ile(tat)
    74 bases, %GC = 63.5
    Sequence [246216,246289]


--
    tRNA-Val(tac)
    73 bases, %GC = 58.9
    Sequence c[246335,246407]


--
    tRNA-Gln(ttg)
    72 bases, %GC = 47.2
    Sequence c[246474,246545]


--
    tRNA-Arg(acg)
    74 bases, %GC = 52.7
    Sequence c[246787,246860]


--
    tRNA-Leu(cag)
    83 bases, %GC = 56.6
    Sequence c[247082,247164]


--
    tRNA-Thr(tgt)
    74 bases, %GC = 58.1
    Sequence c[247225,247298]


--
    tRNA-Arg(tcg)
    74 bases, %GC = 60.8
    Sequence [247369,247442]


--
    tRNA-Lys(ttt)
    73 bases, %GC = 60.3
    Sequence [247741,247813]


--
    tRNA-Gly(tcc)
    73 bases, %GC = 60.3
    Sequence c[247852,247924]


--
    tRNA-Trp(cca)
    73 bases, %GC = 54.8
    Sequence [248000,248072]


--
    tRNA-Gly(acc)
    82 bases, %GC = 56.1
    Sequence c[480563,480644]


--

Laet.24
850220 nucleotides in sequence
Mean G+C content = 59.7%

--
    tRNA-Pro(cgg)
    72 bases, %GC = 62.5
    Sequence [205930,206001]


--
    tRNA-Gln(ctg)
    75 bases, %GC = 53.3
    Sequence [630023,630097]


--
    tRNA-Leu(taa)
    84 bases, %GC = 56.0
    Sequence c[630309,630392]


--
    tRNA-Ile(aat)
    75 bases, %GC = 56.0
    Sequence [630476,630550]


--
    tRNA-Ile(aat)
    75 bases, %GC = 56.0
    Sequence [632573,632647]


--
    tRNA-Asp(gtc)
    72 bases, %GC = 58.3
    Sequence c[689972,690043]


--

Laet.25
903279 nucleotides in sequence
Mean G+C content = 59.1%

--

Laet.26
1008412 nucleotides in sequence
Mean G+C content = 58.0%

--

Laet.27
1070708 nucleotides in sequence
Mean G+C content = 56.7%

--
    tRNA-Arg(gcg)
    93 bases, %GC = 55.9
    Sequence c[415239,415331]


--

Laet.28
1150834 nucleotides in sequence
Mean G+C content = 58.6%

--

Laet.29
1225176 nucleotides in sequence
Mean G+C content = 57.8%

--
    tRNA-Leu(caa)
    83 bases, %GC = 60.2
    Sequence c[834282,834364]


--
    tRNA-Ser(cga)
    81 bases, %GC = 56.8
    Sequence c[834422,834502]


--

Laet.30
1378211 nucleotides in sequence
Mean G+C content = 57.5%

--
    tRNA-Thr(cgt)
    72 bases, %GC = 61.1
    Sequence c[781100,781171]


--

Laet.31
1566011 nucleotides in sequence
Mean G+C content = 50.3%

--
    tRNA-Ala(agc)
    73 bases, %GC = 53.4
    Sequence [221815,221887]


--
    tRNA-Gly(gcc)
    72 bases, %GC = 65.3
    Sequence [549191,549262]


--
    tRNA-Glu(ctc)
    74 bases, %GC = 56.8
    Sequence c[549309,549382]


--
    tRNA-Phe(gaa)
    73 bases, %GC = 61.6
    Sequence [1403617,1403689]


--
    tRNA-Ser(aga)
    82 bases, %GC = 56.1
    Sequence c[1403745,1403826]


--

Laet.32
1545276 nucleotides in sequence
Mean G+C content = 58.5%

--

Laet.33
1582596 nucleotides in sequence
Mean G+C content = 52.3%

--
    tRNA-Arg(cct)
    74 bases, %GC = 55.4
    Sequence c[102733,102806]


--
    tRNA-Arg(tct)
    74 bases, %GC = 52.7
    Sequence c[102866,102939]


--
    tRNA-Ala(tgc)
    74 bases, %GC = 55.4
    Sequence [103014,103087]


--
    tRNA-Gly(gcc)
    76 bases, %GC = 64.5
    Sequence [1186085,1186160]


--

Laet.34
1873203 nucleotides in sequence
Mean G+C content = 48.3%

--
    tRNA-Val(aac)
    75 bases, %GC = 58.7
    Sequence c[492353,492427]


--
    tRNA-Ile(aat)
    75 bases, %GC = 56.0
    Sequence [492667,492741]


--
    tRNA-Met(cat)
    73 bases, %GC = 63.0
    Sequence [492802,492874]


--
    tRNA-Leu(tag)
    80 bases, %GC = 62.5
    Sequence c[492910,492989]


--
    tRNA-Ser(tga)
    81 bases, %GC = 51.9
    Sequence [493064,493144]


--
    tRNA-Asn(gtt)
    74 bases, %GC = 60.8
    Sequence c[1557163,1557236]


--
    tRNA-Pro(cgg)
    72 bases, %GC = 62.5
    Sequence c[1557297,1557368]


--
    tRNA-Thr(cgt)
    72 bases, %GC = 61.1
    Sequence [1557452,1557523]


--
    tRNA-Leu(tag)
    85 bases, %GC = 52.9
    Sequence [1557587,1557671]


--
    tRNA-Asn(gtt)
    74 bases, %GC = 60.8
    Sequence [1557729,1557802]


--

Laet.35
2018114 nucleotides in sequence
Mean G+C content = 56.5%

--

Laet.36
2706040 nucleotides in sequence
Mean G+C content = 56.9%

--
    tRNA-Leu(tag)
    85 bases, %GC = 54.1
    Sequence c[492034,492118]


--
    tRNA-Thr(agt)
    73 bases, %GC = 63.0
    Sequence c[492195,492267]


--
    tRNA-Thr(agt)
    73 bases, %GC = 63.0
    Sequence [493071,493143]


--
    tRNA-Leu(tag)
    85 bases, %GC = 54.1
    Sequence [493220,493304]


--
    tRNA-Gly(gcc)
    71 bases, %GC = 64.8
    Sequence [1054624,1054694]


--
    tRNA-Thr(agt)
    72 bases, %GC = 62.5
    Sequence c[1055893,1055964]


--
    tRNA-Gly(gcc)
    71 bases, %GC = 64.8
    Sequence c[1056027,1056097]


--
    tRNA-Pro(agg)
    72 bases, %GC = 61.1
    Sequence [1056171,1056242]


--
    tRNA-Gln(ctg)
    75 bases, %GC = 52.0
    Sequence c[1633840,1633914]


--
    tRNA-Cys(gca)
    72 bases, %GC = 58.3
    Sequence [2491126,2491197]


--
    tRNA-Leu(aag)
    83 bases, %GC = 51.8
    Sequence c[2491982,2492064]


--
    tRNA-Met(cat)
    72 bases, %GC = 55.6
    Sequence c[2492128,2492199]


--
    tRNA-Pro(tgg)
    73 bases, %GC = 52.1
    Sequence [2492274,2492346]


