    tRNA-Val(gac)         c
    92 bases, %GC = 69.6
    Sequence [235952,236043]
